// Jest Snapshot v1, https://goo.gl/fbAQLP

exports[`NoSearchResults component renders correctly 1`] = `
<div
  className={[Function]}
>
  <p
    style={
      Object {
        "fontSize": 50,
        "fontWeight": 300,
      }
    }
  >
    ☹
  </p>
  <p
    className={[Function]}
  >
    Nothing found
  </p>
</div>
`;
