// Jest Snapshot v1, https://goo.gl/fbAQLP

exports[`SearchBar component handles onChange triggers discarding pagination 1`] = `
<div
  className="j-search-bar"
>
  <span
    className="j-search-bar__icon"
  />
  <input
    className="j-search-bar__input j-input"
    onChange={[Function]}
    placeholder="Search..."
    type="text"
    value=""
  />
</div>
`;

exports[`SearchBar component handles onChange triggers setting new search query 1`] = `
<div
  className="j-search-bar"
>
  <span
    className="j-search-bar__icon"
  />
  <input
    className="j-search-bar__input j-input"
    onChange={[Function]}
    placeholder="Search..."
    type="text"
    value=""
  />
</div>
`;

exports[`SearchBar component renders correctly 1`] = `
<div
  className="j-search-bar"
>
  <span
    className="j-search-bar__icon"
  />
  <input
    className="j-search-bar__input j-input"
    onChange={[Function]}
    placeholder="Search..."
    type="text"
    value=""
  />
</div>
`;
