// Jest Snapshot v1, https://goo.gl/fbAQLP

exports[`MultiRowField component renders correctly 1`] = `
<div
  className="j-col__item"
>
  <div>
    <div
      className="j-row"
    >
      <label
        className="j-label"
        htmlFor={undefined}
      >
         
      </label>
      <button
        className="j-control"
        onClick={[Function]}
        type="button"
      >
        <span
          aria-label={undefined}
          className="j-icon j-icon--type-add j-control__icon"
        />
      </button>
    </div>
  </div>
</div>
`;
